
> explorer@1.5.0 test
> jest --env=jsdom --watch --testPathPattern=Token --no-coverage

● Validation Warning:

  Unknown option "verbatimModuleSyntax" with value false was found.
  This is probably a typing mistake. Fixing it will remove this message.

  Configuration Documentation:
  https://jestjs.io/docs/configuration

● Validation Warning:

  Unknown option "verbatimModuleSyntax" with value false was found.
  This is probably a typing mistake. Fixing it will remove this message.

  Configuration Documentation:
  https://jestjs.io/docs/configuration

Browserslist: browsers data (caniuse-lite) is 7 months old. Please run:
  npx update-browserslist-db@latest
  Why you should do it regularly: https://github.com/browserslist/update-db#readme
Browserslist: browsers data (caniuse-lite) is 7 months old. Please run:
  npx update-browserslist-db@latest
  Why you should do it regularly: https://github.com/browserslist/update-db#readme
Browserslist: browsers data (caniuse-lite) is 7 months old. Please run:
  npx update-browserslist-db@latest
  Why you should do it regularly: https://github.com/browserslist/update-db#readme
Browserslist: browsers data (caniuse-lite) is 7 months old. Please run:
  npx update-browserslist-db@latest
  Why you should do it regularly: https://github.com/browserslist/update-db#readme
Browserslist: browsers data (caniuse-lite) is 7 months old. Please run:
  npx update-browserslist-db@latest
  Why you should do it regularly: https://github.com/browserslist/update-db#readme
FAIL src/containers/Token/test/hooks/usePaginationState.test.ts
  ● Test suite failed to run

    The module '/Users/ashraychowdhry/Documents/XRepos/explorer/node_modules/canvas/build/Release/canvas.node'
    was compiled against a different Node.js version using
    NODE_MODULE_VERSION 127. This version of Node.js requires
    NODE_MODULE_VERSION 108. Please try re-compiling or re-installing
    the module (for instance, using `npm rebuild` or `npm install`).

      at Object.<anonymous> (node_modules/canvas/lib/bindings.js:3:18)
      at Object.<anonymous> (node_modules/canvas/lib/canvas.js:9:18)
      at Object.<anonymous> (node_modules/canvas/index.js:1:16)

FAIL src/containers/Token/test/services/transfersPagination.test.ts
  ● Test suite failed to run

    The module '/Users/ashraychowdhry/Documents/XRepos/explorer/node_modules/canvas/build/Release/canvas.node'
    was compiled against a different Node.js version using
    NODE_MODULE_VERSION 127. This version of Node.js requires
    NODE_MODULE_VERSION 108. Please try re-compiling or re-installing
    the module (for instance, using `npm rebuild` or `npm install`).

      at Object.<anonymous> (node_modules/canvas/lib/bindings.js:3:18)
      at Object.<anonymous> (node_modules/canvas/lib/canvas.js:9:18)
      at Object.<anonymous> (node_modules/canvas/index.js:1:16)

FAIL src/containers/Token/test/TokenHeader.test.tsx
  ● Test suite failed to run

    The module '/Users/ashraychowdhry/Documents/XRepos/explorer/node_modules/canvas/build/Release/canvas.node'
    was compiled against a different Node.js version using
    NODE_MODULE_VERSION 127. This version of Node.js requires
    NODE_MODULE_VERSION 108. Please try re-compiling or re-installing
    the module (for instance, using `npm rebuild` or `npm install`).

      at Object.<anonymous> (node_modules/canvas/lib/bindings.js:3:18)
      at Object.<anonymous> (node_modules/canvas/lib/canvas.js:9:18)
      at Object.<anonymous> (node_modules/canvas/index.js:1:16)

FAIL src/containers/Token/test/hooks/useSortingState.test.ts
  ● Test suite failed to run

    The module '/Users/ashraychowdhry/Documents/XRepos/explorer/node_modules/canvas/build/Release/canvas.node'
    was compiled against a different Node.js version using
    NODE_MODULE_VERSION 127. This version of Node.js requires
    NODE_MODULE_VERSION 108. Please try re-compiling or re-installing
    the module (for instance, using `npm rebuild` or `npm install`).

      at Object.<anonymous> (node_modules/canvas/lib/bindings.js:3:18)
      at Object.<anonymous> (node_modules/canvas/lib/canvas.js:9:18)
      at Object.<anonymous> (node_modules/canvas/index.js:1:16)

FAIL src/containers/Token/test/index.test.tsx
  ● Test suite failed to run

    The module '/Users/ashraychowdhry/Documents/XRepos/explorer/node_modules/canvas/build/Release/canvas.node'
    was compiled against a different Node.js version using
    NODE_MODULE_VERSION 127. This version of Node.js requires
    NODE_MODULE_VERSION 108. Please try re-compiling or re-installing
    the module (for instance, using `npm rebuild` or `npm install`).

      at Object.<anonymous> (node_modules/canvas/lib/bindings.js:3:18)
      at Object.<anonymous> (node_modules/canvas/lib/canvas.js:9:18)
      at Object.<anonymous> (node_modules/canvas/index.js:1:16)

FAIL src/containers/Token/test/services/dexTradesPagination.test.ts
  ● Test suite failed to run

    The module '/Users/ashraychowdhry/Documents/XRepos/explorer/node_modules/canvas/build/Release/canvas.node'
    was compiled against a different Node.js version using
    NODE_MODULE_VERSION 127. This version of Node.js requires
    NODE_MODULE_VERSION 108. Please try re-compiling or re-installing
    the module (for instance, using `npm rebuild` or `npm install`).

      at Object.<anonymous> (node_modules/canvas/lib/bindings.js:3:18)
      at Object.<anonymous> (node_modules/canvas/lib/canvas.js:9:18)
      at Object.<anonymous> (node_modules/canvas/index.js:1:16)

FAIL src/containers/Token/test/utils/tokenCalculations.test.ts
  ● Test suite failed to run

    The module '/Users/ashraychowdhry/Documents/XRepos/explorer/node_modules/canvas/build/Release/canvas.node'
    was compiled against a different Node.js version using
    NODE_MODULE_VERSION 127. This version of Node.js requires
    NODE_MODULE_VERSION 108. Please try re-compiling or re-installing
    the module (for instance, using `npm rebuild` or `npm install`).

      at Object.<anonymous> (node_modules/canvas/lib/bindings.js:3:18)
      at Object.<anonymous> (node_modules/canvas/lib/canvas.js:9:18)
      at Object.<anonymous> (node_modules/canvas/index.js:1:16)

FAIL src/containers/shared/components/Transaction/NFTokenCancelOffer/test/NFTokenCancelOfferSimple.test.tsx
  ● Test suite failed to run

    The module '/Users/ashraychowdhry/Documents/XRepos/explorer/node_modules/canvas/build/Release/canvas.node'
    was compiled against a different Node.js version using
    NODE_MODULE_VERSION 127. This version of Node.js requires
    NODE_MODULE_VERSION 108. Please try re-compiling or re-installing
    the module (for instance, using `npm rebuild` or `npm install`).

      at Object.<anonymous> (node_modules/canvas/lib/bindings.js:3:18)
      at Object.<anonymous> (node_modules/canvas/lib/canvas.js:9:18)
      at Object.<anonymous> (node_modules/canvas/index.js:1:16)

FAIL src/containers/shared/components/Transaction/NFTokenCreateOffer/test/NFTokenCreateOfferSimple.test.tsx
  ● Test suite failed to run

    The module '/Users/ashraychowdhry/Documents/XRepos/explorer/node_modules/canvas/build/Release/canvas.node'
    was compiled against a different Node.js version using
    NODE_MODULE_VERSION 127. This version of Node.js requires
    NODE_MODULE_VERSION 108. Please try re-compiling or re-installing
    the module (for instance, using `npm rebuild` or `npm install`).

      at Object.<anonymous> (node_modules/canvas/lib/bindings.js:3:18)
      at Object.<anonymous> (node_modules/canvas/lib/canvas.js:9:18)
      at Object.<anonymous> (node_modules/canvas/index.js:1:16)

FAIL src/containers/Accounts/AccountAsset/test/HeldLPTokens.test.tsx
  ● Test suite failed to run

    The module '/Users/ashraychowdhry/Documents/XRepos/explorer/node_modules/canvas/build/Release/canvas.node'
    was compiled against a different Node.js version using
    NODE_MODULE_VERSION 127. This version of Node.js requires
    NODE_MODULE_VERSION 108. Please try re-compiling or re-installing
    the module (for instance, using `npm rebuild` or `npm install`).

      at Object.<anonymous> (node_modules/canvas/lib/bindings.js:3:18)
      at Object.<anonymous> (node_modules/canvas/lib/canvas.js:9:18)
      at Object.<anonymous> (node_modules/canvas/index.js:1:16)

FAIL src/containers/shared/components/TokenSearchResults/test/TokenSearchResults.test.js
  ● Test suite failed to run

    The module '/Users/ashraychowdhry/Documents/XRepos/explorer/node_modules/canvas/build/Release/canvas.node'
    was compiled against a different Node.js version using
    NODE_MODULE_VERSION 127. This version of Node.js requires
    NODE_MODULE_VERSION 108. Please try re-compiling or re-installing
    the module (for instance, using `npm rebuild` or `npm install`).

      at Object.<anonymous> (node_modules/canvas/lib/bindings.js:3:18)
      at Object.<anonymous> (node_modules/canvas/lib/canvas.js:9:18)
      at Object.<anonymous> (node_modules/canvas/index.js:1:16)

FAIL src/containers/shared/components/Transaction/MPTokenAuthorize/test/MPTokenAuthorizeSimple.test.jsx
  ● Test suite failed to run

    The module '/Users/ashraychowdhry/Documents/XRepos/explorer/node_modules/canvas/build/Release/canvas.node'
    was compiled against a different Node.js version using
    NODE_MODULE_VERSION 127. This version of Node.js requires
    NODE_MODULE_VERSION 108. Please try re-compiling or re-installing
    the module (for instance, using `npm rebuild` or `npm install`).

      at Object.<anonymous> (node_modules/canvas/lib/bindings.js:3:18)
      at Object.<anonymous> (node_modules/canvas/lib/canvas.js:9:18)
      at Object.<anonymous> (node_modules/canvas/index.js:1:16)

FAIL src/containers/shared/components/Transaction/MPTokenIssuanceCreate/test/MPTokenIssuanceCreateSimple.test.jsx
  ● Test suite failed to run

    The module '/Users/ashraychowdhry/Documents/XRepos/explorer/node_modules/canvas/build/Release/canvas.node'
    was compiled against a different Node.js version using
    NODE_MODULE_VERSION 127. This version of Node.js requires
    NODE_MODULE_VERSION 108. Please try re-compiling or re-installing
    the module (for instance, using `npm rebuild` or `npm install`).

      at Object.<anonymous> (node_modules/canvas/lib/bindings.js:3:18)
      at Object.<anonymous> (node_modules/canvas/lib/canvas.js:9:18)
      at Object.<anonymous> (node_modules/canvas/index.js:1:16)

FAIL src/containers/shared/components/Transaction/NFTokenBurn/test/NFTokenBurnSimple.test.tsx
  ● Test suite failed to run

    The module '/Users/ashraychowdhry/Documents/XRepos/explorer/node_modules/canvas/build/Release/canvas.node'
    was compiled against a different Node.js version using
    NODE_MODULE_VERSION 127. This version of Node.js requires
    NODE_MODULE_VERSION 108. Please try re-compiling or re-installing
    the module (for instance, using `npm rebuild` or `npm install`).

      at Object.<anonymous> (node_modules/canvas/lib/bindings.js:3:18)
      at Object.<anonymous> (node_modules/canvas/lib/canvas.js:9:18)
      at Object.<anonymous> (node_modules/canvas/index.js:1:16)

FAIL src/containers/shared/components/Transaction/NFTokenMint/test/NFTokenMintSimple.test.tsx
  ● Test suite failed to run

    The module '/Users/ashraychowdhry/Documents/XRepos/explorer/node_modules/canvas/build/Release/canvas.node'
    was compiled against a different Node.js version using
    NODE_MODULE_VERSION 127. This version of Node.js requires
    NODE_MODULE_VERSION 108. Please try re-compiling or re-installing
    the module (for instance, using `npm rebuild` or `npm install`).

      at Object.<anonymous> (node_modules/canvas/lib/bindings.js:3:18)
      at Object.<anonymous> (node_modules/canvas/lib/canvas.js:9:18)
      at Object.<anonymous> (node_modules/canvas/index.js:1:16)

FAIL src/containers/Tokens/test/index.test.tsx
  ● Test suite failed to run

    The module '/Users/ashraychowdhry/Documents/XRepos/explorer/node_modules/canvas/build/Release/canvas.node'
    was compiled against a different Node.js version using
    NODE_MODULE_VERSION 127. This version of Node.js requires
    NODE_MODULE_VERSION 108. Please try re-compiling or re-installing
    the module (for instance, using `npm rebuild` or `npm install`).

      at Object.<anonymous> (node_modules/canvas/lib/bindings.js:3:18)
      at Object.<anonymous> (node_modules/canvas/lib/canvas.js:9:18)
      at Object.<anonymous> (node_modules/canvas/index.js:1:16)

FAIL src/containers/shared/components/Transaction/NFTokenAcceptOffer/test/NFTokenAcceptOfferSimple.test.tsx
  ● Test suite failed to run

    The module '/Users/ashraychowdhry/Documents/XRepos/explorer/node_modules/canvas/build/Release/canvas.node'
    was compiled against a different Node.js version using
    NODE_MODULE_VERSION 127. This version of Node.js requires
    NODE_MODULE_VERSION 108. Please try re-compiling or re-installing
    the module (for instance, using `npm rebuild` or `npm install`).

      at Object.<anonymous> (node_modules/canvas/lib/bindings.js:3:18)
      at Object.<anonymous> (node_modules/canvas/lib/canvas.js:9:18)
      at Object.<anonymous> (node_modules/canvas/index.js:1:16)

FAIL src/containers/shared/components/test/TxToken.test.tsx
  ● Test suite failed to run

    The module '/Users/ashraychowdhry/Documents/XRepos/explorer/node_modules/canvas/build/Release/canvas.node'
    was compiled against a different Node.js version using
    NODE_MODULE_VERSION 127. This version of Node.js requires
    NODE_MODULE_VERSION 108. Please try re-compiling or re-installing
    the module (for instance, using `npm rebuild` or `npm install`).

      at Object.<anonymous> (node_modules/canvas/lib/bindings.js:3:18)
      at Object.<anonymous> (node_modules/canvas/lib/canvas.js:9:18)
      at Object.<anonymous> (node_modules/canvas/index.js:1:16)

FAIL src/containers/shared/components/Transaction/MPTokenIssuanceSet/test/MPTokenIssuanceSetSimple.test.jsx
  ● Test suite failed to run

    The module '/Users/ashraychowdhry/Documents/XRepos/explorer/node_modules/canvas/build/Release/canvas.node'
    was compiled against a different Node.js version using
    NODE_MODULE_VERSION 127. This version of Node.js requires
    NODE_MODULE_VERSION 108. Please try re-compiling or re-installing
    the module (for instance, using `npm rebuild` or `npm install`).

      at Object.<anonymous> (node_modules/canvas/lib/bindings.js:3:18)
      at Object.<anonymous> (node_modules/canvas/lib/canvas.js:9:18)
      at Object.<anonymous> (node_modules/canvas/index.js:1:16)

FAIL src/containers/shared/components/Transaction/MPTokenIssuanceDestroy/test/MPTokenIssuanceDestroySimple.test.jsx
  ● Test suite failed to run

    The module '/Users/ashraychowdhry/Documents/XRepos/explorer/node_modules/canvas/build/Release/canvas.node'
    was compiled against a different Node.js version using
    NODE_MODULE_VERSION 127. This version of Node.js requires
    NODE_MODULE_VERSION 108. Please try re-compiling or re-installing
    the module (for instance, using `npm rebuild` or `npm install`).

      at Object.<anonymous> (node_modules/canvas/lib/bindings.js:3:18)
      at Object.<anonymous> (node_modules/canvas/lib/canvas.js:9:18)
      at Object.<anonymous> (node_modules/canvas/index.js:1:16)

FAIL src/containers/shared/components/test/NFTokenLink.test.tsx
  ● Test suite failed to run

    The module '/Users/ashraychowdhry/Documents/XRepos/explorer/node_modules/canvas/build/Release/canvas.node'
    was compiled against a different Node.js version using
    NODE_MODULE_VERSION 127. This version of Node.js requires
    NODE_MODULE_VERSION 108. Please try re-compiling or re-installing
    the module (for instance, using `npm rebuild` or `npm install`).

      at Object.<anonymous> (node_modules/canvas/lib/bindings.js:3:18)
      at Object.<anonymous> (node_modules/canvas/lib/canvas.js:9:18)
      at Object.<anonymous> (node_modules/canvas/index.js:1:16)

FAIL src/containers/Token/test/components/DexTradeTable.test.tsx
  ● Test suite failed to run

    The module '/Users/ashraychowdhry/Documents/XRepos/explorer/node_modules/canvas/build/Release/canvas.node'
    was compiled against a different Node.js version using
    NODE_MODULE_VERSION 127. This version of Node.js requires
    NODE_MODULE_VERSION 108. Please try re-compiling or re-installing
    the module (for instance, using `npm rebuild` or `npm install`).

      at Object.<anonymous> (node_modules/canvas/lib/bindings.js:3:18)
      at Object.<anonymous> (node_modules/canvas/lib/canvas.js:9:18)
      at Object.<anonymous> (node_modules/canvas/index.js:1:16)

FAIL src/containers/Token/test/hooks/useMarketCalculations.test.ts
  ● Test suite failed to run

    The module '/Users/ashraychowdhry/Documents/XRepos/explorer/node_modules/canvas/build/Release/canvas.node'
    was compiled against a different Node.js version using
    NODE_MODULE_VERSION 127. This version of Node.js requires
    NODE_MODULE_VERSION 108. Please try re-compiling or re-installing
    the module (for instance, using `npm rebuild` or `npm install`).

      at Object.<anonymous> (node_modules/canvas/lib/bindings.js:3:18)
      at Object.<anonymous> (node_modules/canvas/lib/canvas.js:9:18)
      at Object.<anonymous> (node_modules/canvas/index.js:1:16)

FAIL src/containers/Token/TokenTablePicker/test/TokenTablePicker.test.tsx
  ● Test suite failed to run

    The module '/Users/ashraychowdhry/Documents/XRepos/explorer/node_modules/canvas/build/Release/canvas.node'
    was compiled against a different Node.js version using
    NODE_MODULE_VERSION 127. This version of Node.js requires
    NODE_MODULE_VERSION 108. Please try re-compiling or re-installing
    the module (for instance, using `npm rebuild` or `npm install`).

      at Object.<anonymous> (node_modules/canvas/lib/bindings.js:3:18)
      at Object.<anonymous> (node_modules/canvas/lib/canvas.js:9:18)
      at Object.<anonymous> (node_modules/canvas/index.js:1:16)

FAIL src/containers/Token/test/components/TransfersTable.test.tsx
  ● Test suite failed to run

    The module '/Users/ashraychowdhry/Documents/XRepos/explorer/node_modules/canvas/build/Release/canvas.node'
    was compiled against a different Node.js version using
    NODE_MODULE_VERSION 127. This version of Node.js requires
    NODE_MODULE_VERSION 108. Please try re-compiling or re-installing
    the module (for instance, using `npm rebuild` or `npm install`).

      at Object.<anonymous> (node_modules/canvas/lib/bindings.js:3:18)
      at Object.<anonymous> (node_modules/canvas/lib/canvas.js:9:18)
      at Object.<anonymous> (node_modules/canvas/index.js:1:16)

FAIL src/containers/Token/test/components/HoldersTable.test.tsx
  ● Test suite failed to run

    The module '/Users/ashraychowdhry/Documents/XRepos/explorer/node_modules/canvas/build/Release/canvas.node'
    was compiled against a different Node.js version using
    NODE_MODULE_VERSION 127. This version of Node.js requires
    NODE_MODULE_VERSION 108. Please try re-compiling or re-installing
    the module (for instance, using `npm rebuild` or `npm install`).

      at Object.<anonymous> (node_modules/canvas/lib/bindings.js:3:18)
      at Object.<anonymous> (node_modules/canvas/lib/canvas.js:9:18)
      at Object.<anonymous> (node_modules/canvas/index.js:1:16)

FAIL src/containers/Token/test/components/HeaderBoxes.test.tsx
  ● Test suite failed to run

    The module '/Users/ashraychowdhry/Documents/XRepos/explorer/node_modules/canvas/build/Release/canvas.node'
    was compiled against a different Node.js version using
    NODE_MODULE_VERSION 127. This version of Node.js requires
    NODE_MODULE_VERSION 108. Please try re-compiling or re-installing
    the module (for instance, using `npm rebuild` or `npm install`).

      at Object.<anonymous> (node_modules/canvas/lib/bindings.js:3:18)
      at Object.<anonymous> (node_modules/canvas/lib/canvas.js:9:18)
      at Object.<anonymous> (node_modules/canvas/index.js:1:16)

Summary of all failing tests
FAIL src/containers/Token/test/hooks/usePaginationState.test.ts
  ● Test suite failed to run

    The module '/Users/ashraychowdhry/Documents/XRepos/explorer/node_modules/canvas/build/Release/canvas.node'
    was compiled against a different Node.js version using
    NODE_MODULE_VERSION 127. This version of Node.js requires
    NODE_MODULE_VERSION 108. Please try re-compiling or re-installing
    the module (for instance, using `npm rebuild` or `npm install`).

      at Object.<anonymous> (node_modules/canvas/lib/bindings.js:3:18)
      at Object.<anonymous> (node_modules/canvas/lib/canvas.js:9:18)
      at Object.<anonymous> (node_modules/canvas/index.js:1:16)

FAIL src/containers/Token/test/services/transfersPagination.test.ts
  ● Test suite failed to run

    The module '/Users/ashraychowdhry/Documents/XRepos/explorer/node_modules/canvas/build/Release/canvas.node'
    was compiled against a different Node.js version using
    NODE_MODULE_VERSION 127. This version of Node.js requires
    NODE_MODULE_VERSION 108. Please try re-compiling or re-installing
    the module (for instance, using `npm rebuild` or `npm install`).

      at Object.<anonymous> (node_modules/canvas/lib/bindings.js:3:18)
      at Object.<anonymous> (node_modules/canvas/lib/canvas.js:9:18)
      at Object.<anonymous> (node_modules/canvas/index.js:1:16)

FAIL src/containers/Token/test/TokenHeader.test.tsx
  ● Test suite failed to run

    The module '/Users/ashraychowdhry/Documents/XRepos/explorer/node_modules/canvas/build/Release/canvas.node'
    was compiled against a different Node.js version using
    NODE_MODULE_VERSION 127. This version of Node.js requires
    NODE_MODULE_VERSION 108. Please try re-compiling or re-installing
    the module (for instance, using `npm rebuild` or `npm install`).

      at Object.<anonymous> (node_modules/canvas/lib/bindings.js:3:18)
      at Object.<anonymous> (node_modules/canvas/lib/canvas.js:9:18)
      at Object.<anonymous> (node_modules/canvas/index.js:1:16)

FAIL src/containers/Token/test/hooks/useSortingState.test.ts
  ● Test suite failed to run

    The module '/Users/ashraychowdhry/Documents/XRepos/explorer/node_modules/canvas/build/Release/canvas.node'
    was compiled against a different Node.js version using
    NODE_MODULE_VERSION 127. This version of Node.js requires
    NODE_MODULE_VERSION 108. Please try re-compiling or re-installing
    the module (for instance, using `npm rebuild` or `npm install`).

      at Object.<anonymous> (node_modules/canvas/lib/bindings.js:3:18)
      at Object.<anonymous> (node_modules/canvas/lib/canvas.js:9:18)
      at Object.<anonymous> (node_modules/canvas/index.js:1:16)

FAIL src/containers/Token/test/index.test.tsx
  ● Test suite failed to run

    The module '/Users/ashraychowdhry/Documents/XRepos/explorer/node_modules/canvas/build/Release/canvas.node'
    was compiled against a different Node.js version using
    NODE_MODULE_VERSION 127. This version of Node.js requires
    NODE_MODULE_VERSION 108. Please try re-compiling or re-installing
    the module (for instance, using `npm rebuild` or `npm install`).

      at Object.<anonymous> (node_modules/canvas/lib/bindings.js:3:18)
      at Object.<anonymous> (node_modules/canvas/lib/canvas.js:9:18)
      at Object.<anonymous> (node_modules/canvas/index.js:1:16)

FAIL src/containers/Token/test/services/dexTradesPagination.test.ts
  ● Test suite failed to run

    The module '/Users/ashraychowdhry/Documents/XRepos/explorer/node_modules/canvas/build/Release/canvas.node'
    was compiled against a different Node.js version using
    NODE_MODULE_VERSION 127. This version of Node.js requires
    NODE_MODULE_VERSION 108. Please try re-compiling or re-installing
    the module (for instance, using `npm rebuild` or `npm install`).

      at Object.<anonymous> (node_modules/canvas/lib/bindings.js:3:18)
      at Object.<anonymous> (node_modules/canvas/lib/canvas.js:9:18)
      at Object.<anonymous> (node_modules/canvas/index.js:1:16)

FAIL src/containers/Token/test/utils/tokenCalculations.test.ts
  ● Test suite failed to run

    The module '/Users/ashraychowdhry/Documents/XRepos/explorer/node_modules/canvas/build/Release/canvas.node'
    was compiled against a different Node.js version using
    NODE_MODULE_VERSION 127. This version of Node.js requires
    NODE_MODULE_VERSION 108. Please try re-compiling or re-installing
    the module (for instance, using `npm rebuild` or `npm install`).

      at Object.<anonymous> (node_modules/canvas/lib/bindings.js:3:18)
      at Object.<anonymous> (node_modules/canvas/lib/canvas.js:9:18)
      at Object.<anonymous> (node_modules/canvas/index.js:1:16)

FAIL src/containers/shared/components/Transaction/NFTokenCancelOffer/test/NFTokenCancelOfferSimple.test.tsx
  ● Test suite failed to run

    The module '/Users/ashraychowdhry/Documents/XRepos/explorer/node_modules/canvas/build/Release/canvas.node'
    was compiled against a different Node.js version using
    NODE_MODULE_VERSION 127. This version of Node.js requires
    NODE_MODULE_VERSION 108. Please try re-compiling or re-installing
    the module (for instance, using `npm rebuild` or `npm install`).

      at Object.<anonymous> (node_modules/canvas/lib/bindings.js:3:18)
      at Object.<anonymous> (node_modules/canvas/lib/canvas.js:9:18)
      at Object.<anonymous> (node_modules/canvas/index.js:1:16)

FAIL src/containers/shared/components/Transaction/NFTokenCreateOffer/test/NFTokenCreateOfferSimple.test.tsx
  ● Test suite failed to run

    The module '/Users/ashraychowdhry/Documents/XRepos/explorer/node_modules/canvas/build/Release/canvas.node'
    was compiled against a different Node.js version using
    NODE_MODULE_VERSION 127. This version of Node.js requires
    NODE_MODULE_VERSION 108. Please try re-compiling or re-installing
    the module (for instance, using `npm rebuild` or `npm install`).

      at Object.<anonymous> (node_modules/canvas/lib/bindings.js:3:18)
      at Object.<anonymous> (node_modules/canvas/lib/canvas.js:9:18)
      at Object.<anonymous> (node_modules/canvas/index.js:1:16)

FAIL src/containers/Accounts/AccountAsset/test/HeldLPTokens.test.tsx
  ● Test suite failed to run

    The module '/Users/ashraychowdhry/Documents/XRepos/explorer/node_modules/canvas/build/Release/canvas.node'
    was compiled against a different Node.js version using
    NODE_MODULE_VERSION 127. This version of Node.js requires
    NODE_MODULE_VERSION 108. Please try re-compiling or re-installing
    the module (for instance, using `npm rebuild` or `npm install`).

      at Object.<anonymous> (node_modules/canvas/lib/bindings.js:3:18)
      at Object.<anonymous> (node_modules/canvas/lib/canvas.js:9:18)
      at Object.<anonymous> (node_modules/canvas/index.js:1:16)

FAIL src/containers/shared/components/TokenSearchResults/test/TokenSearchResults.test.js
  ● Test suite failed to run

    The module '/Users/ashraychowdhry/Documents/XRepos/explorer/node_modules/canvas/build/Release/canvas.node'
    was compiled against a different Node.js version using
    NODE_MODULE_VERSION 127. This version of Node.js requires
    NODE_MODULE_VERSION 108. Please try re-compiling or re-installing
    the module (for instance, using `npm rebuild` or `npm install`).

      at Object.<anonymous> (node_modules/canvas/lib/bindings.js:3:18)
      at Object.<anonymous> (node_modules/canvas/lib/canvas.js:9:18)
      at Object.<anonymous> (node_modules/canvas/index.js:1:16)

FAIL src/containers/shared/components/Transaction/MPTokenAuthorize/test/MPTokenAuthorizeSimple.test.jsx
  ● Test suite failed to run

    The module '/Users/ashraychowdhry/Documents/XRepos/explorer/node_modules/canvas/build/Release/canvas.node'
    was compiled against a different Node.js version using
    NODE_MODULE_VERSION 127. This version of Node.js requires
    NODE_MODULE_VERSION 108. Please try re-compiling or re-installing
    the module (for instance, using `npm rebuild` or `npm install`).

      at Object.<anonymous> (node_modules/canvas/lib/bindings.js:3:18)
      at Object.<anonymous> (node_modules/canvas/lib/canvas.js:9:18)
      at Object.<anonymous> (node_modules/canvas/index.js:1:16)

FAIL src/containers/shared/components/Transaction/MPTokenIssuanceCreate/test/MPTokenIssuanceCreateSimple.test.jsx
  ● Test suite failed to run

    The module '/Users/ashraychowdhry/Documents/XRepos/explorer/node_modules/canvas/build/Release/canvas.node'
    was compiled against a different Node.js version using
    NODE_MODULE_VERSION 127. This version of Node.js requires
    NODE_MODULE_VERSION 108. Please try re-compiling or re-installing
    the module (for instance, using `npm rebuild` or `npm install`).

      at Object.<anonymous> (node_modules/canvas/lib/bindings.js:3:18)
      at Object.<anonymous> (node_modules/canvas/lib/canvas.js:9:18)
      at Object.<anonymous> (node_modules/canvas/index.js:1:16)

FAIL src/containers/shared/components/Transaction/NFTokenBurn/test/NFTokenBurnSimple.test.tsx
  ● Test suite failed to run

    The module '/Users/ashraychowdhry/Documents/XRepos/explorer/node_modules/canvas/build/Release/canvas.node'
    was compiled against a different Node.js version using
    NODE_MODULE_VERSION 127. This version of Node.js requires
    NODE_MODULE_VERSION 108. Please try re-compiling or re-installing
    the module (for instance, using `npm rebuild` or `npm install`).

      at Object.<anonymous> (node_modules/canvas/lib/bindings.js:3:18)
      at Object.<anonymous> (node_modules/canvas/lib/canvas.js:9:18)
      at Object.<anonymous> (node_modules/canvas/index.js:1:16)

FAIL src/containers/shared/components/Transaction/NFTokenMint/test/NFTokenMintSimple.test.tsx
  ● Test suite failed to run

    The module '/Users/ashraychowdhry/Documents/XRepos/explorer/node_modules/canvas/build/Release/canvas.node'
    was compiled against a different Node.js version using
    NODE_MODULE_VERSION 127. This version of Node.js requires
    NODE_MODULE_VERSION 108. Please try re-compiling or re-installing
    the module (for instance, using `npm rebuild` or `npm install`).

      at Object.<anonymous> (node_modules/canvas/lib/bindings.js:3:18)
      at Object.<anonymous> (node_modules/canvas/lib/canvas.js:9:18)
      at Object.<anonymous> (node_modules/canvas/index.js:1:16)

FAIL src/containers/Tokens/test/index.test.tsx
  ● Test suite failed to run

    The module '/Users/ashraychowdhry/Documents/XRepos/explorer/node_modules/canvas/build/Release/canvas.node'
    was compiled against a different Node.js version using
    NODE_MODULE_VERSION 127. This version of Node.js requires
    NODE_MODULE_VERSION 108. Please try re-compiling or re-installing
    the module (for instance, using `npm rebuild` or `npm install`).

      at Object.<anonymous> (node_modules/canvas/lib/bindings.js:3:18)
      at Object.<anonymous> (node_modules/canvas/lib/canvas.js:9:18)
      at Object.<anonymous> (node_modules/canvas/index.js:1:16)

FAIL src/containers/shared/components/Transaction/NFTokenAcceptOffer/test/NFTokenAcceptOfferSimple.test.tsx
  ● Test suite failed to run

    The module '/Users/ashraychowdhry/Documents/XRepos/explorer/node_modules/canvas/build/Release/canvas.node'
    was compiled against a different Node.js version using
    NODE_MODULE_VERSION 127. This version of Node.js requires
    NODE_MODULE_VERSION 108. Please try re-compiling or re-installing
    the module (for instance, using `npm rebuild` or `npm install`).

      at Object.<anonymous> (node_modules/canvas/lib/bindings.js:3:18)
      at Object.<anonymous> (node_modules/canvas/lib/canvas.js:9:18)
      at Object.<anonymous> (node_modules/canvas/index.js:1:16)

FAIL src/containers/shared/components/test/TxToken.test.tsx
  ● Test suite failed to run

    The module '/Users/ashraychowdhry/Documents/XRepos/explorer/node_modules/canvas/build/Release/canvas.node'
    was compiled against a different Node.js version using
    NODE_MODULE_VERSION 127. This version of Node.js requires
    NODE_MODULE_VERSION 108. Please try re-compiling or re-installing
    the module (for instance, using `npm rebuild` or `npm install`).

      at Object.<anonymous> (node_modules/canvas/lib/bindings.js:3:18)
      at Object.<anonymous> (node_modules/canvas/lib/canvas.js:9:18)
      at Object.<anonymous> (node_modules/canvas/index.js:1:16)

FAIL src/containers/shared/components/Transaction/MPTokenIssuanceSet/test/MPTokenIssuanceSetSimple.test.jsx
  ● Test suite failed to run

    The module '/Users/ashraychowdhry/Documents/XRepos/explorer/node_modules/canvas/build/Release/canvas.node'
    was compiled against a different Node.js version using
    NODE_MODULE_VERSION 127. This version of Node.js requires
    NODE_MODULE_VERSION 108. Please try re-compiling or re-installing
    the module (for instance, using `npm rebuild` or `npm install`).

      at Object.<anonymous> (node_modules/canvas/lib/bindings.js:3:18)
      at Object.<anonymous> (node_modules/canvas/lib/canvas.js:9:18)
      at Object.<anonymous> (node_modules/canvas/index.js:1:16)

FAIL src/containers/shared/components/Transaction/MPTokenIssuanceDestroy/test/MPTokenIssuanceDestroySimple.test.jsx
  ● Test suite failed to run

    The module '/Users/ashraychowdhry/Documents/XRepos/explorer/node_modules/canvas/build/Release/canvas.node'
    was compiled against a different Node.js version using
    NODE_MODULE_VERSION 127. This version of Node.js requires
    NODE_MODULE_VERSION 108. Please try re-compiling or re-installing
    the module (for instance, using `npm rebuild` or `npm install`).

      at Object.<anonymous> (node_modules/canvas/lib/bindings.js:3:18)
      at Object.<anonymous> (node_modules/canvas/lib/canvas.js:9:18)
      at Object.<anonymous> (node_modules/canvas/index.js:1:16)

FAIL src/containers/shared/components/test/NFTokenLink.test.tsx
  ● Test suite failed to run

    The module '/Users/ashraychowdhry/Documents/XRepos/explorer/node_modules/canvas/build/Release/canvas.node'
    was compiled against a different Node.js version using
    NODE_MODULE_VERSION 127. This version of Node.js requires
    NODE_MODULE_VERSION 108. Please try re-compiling or re-installing
    the module (for instance, using `npm rebuild` or `npm install`).

      at Object.<anonymous> (node_modules/canvas/lib/bindings.js:3:18)
      at Object.<anonymous> (node_modules/canvas/lib/canvas.js:9:18)
      at Object.<anonymous> (node_modules/canvas/index.js:1:16)

FAIL src/containers/Token/test/components/DexTradeTable.test.tsx
  ● Test suite failed to run

    The module '/Users/ashraychowdhry/Documents/XRepos/explorer/node_modules/canvas/build/Release/canvas.node'
    was compiled against a different Node.js version using
    NODE_MODULE_VERSION 127. This version of Node.js requires
    NODE_MODULE_VERSION 108. Please try re-compiling or re-installing
    the module (for instance, using `npm rebuild` or `npm install`).

      at Object.<anonymous> (node_modules/canvas/lib/bindings.js:3:18)
      at Object.<anonymous> (node_modules/canvas/lib/canvas.js:9:18)
      at Object.<anonymous> (node_modules/canvas/index.js:1:16)

FAIL src/containers/Token/test/hooks/useMarketCalculations.test.ts
  ● Test suite failed to run

    The module '/Users/ashraychowdhry/Documents/XRepos/explorer/node_modules/canvas/build/Release/canvas.node'
    was compiled against a different Node.js version using
    NODE_MODULE_VERSION 127. This version of Node.js requires
    NODE_MODULE_VERSION 108. Please try re-compiling or re-installing
    the module (for instance, using `npm rebuild` or `npm install`).

      at Object.<anonymous> (node_modules/canvas/lib/bindings.js:3:18)
      at Object.<anonymous> (node_modules/canvas/lib/canvas.js:9:18)
      at Object.<anonymous> (node_modules/canvas/index.js:1:16)

FAIL src/containers/Token/TokenTablePicker/test/TokenTablePicker.test.tsx
  ● Test suite failed to run

    The module '/Users/ashraychowdhry/Documents/XRepos/explorer/node_modules/canvas/build/Release/canvas.node'
    was compiled against a different Node.js version using
    NODE_MODULE_VERSION 127. This version of Node.js requires
    NODE_MODULE_VERSION 108. Please try re-compiling or re-installing
    the module (for instance, using `npm rebuild` or `npm install`).

      at Object.<anonymous> (node_modules/canvas/lib/bindings.js:3:18)
      at Object.<anonymous> (node_modules/canvas/lib/canvas.js:9:18)
      at Object.<anonymous> (node_modules/canvas/index.js:1:16)

FAIL src/containers/Token/test/components/TransfersTable.test.tsx
  ● Test suite failed to run

    The module '/Users/ashraychowdhry/Documents/XRepos/explorer/node_modules/canvas/build/Release/canvas.node'
    was compiled against a different Node.js version using
    NODE_MODULE_VERSION 127. This version of Node.js requires
    NODE_MODULE_VERSION 108. Please try re-compiling or re-installing
    the module (for instance, using `npm rebuild` or `npm install`).

      at Object.<anonymous> (node_modules/canvas/lib/bindings.js:3:18)
      at Object.<anonymous> (node_modules/canvas/lib/canvas.js:9:18)
      at Object.<anonymous> (node_modules/canvas/index.js:1:16)

FAIL src/containers/Token/test/components/HoldersTable.test.tsx
  ● Test suite failed to run

    The module '/Users/ashraychowdhry/Documents/XRepos/explorer/node_modules/canvas/build/Release/canvas.node'
    was compiled against a different Node.js version using
    NODE_MODULE_VERSION 127. This version of Node.js requires
    NODE_MODULE_VERSION 108. Please try re-compiling or re-installing
    the module (for instance, using `npm rebuild` or `npm install`).

      at Object.<anonymous> (node_modules/canvas/lib/bindings.js:3:18)
      at Object.<anonymous> (node_modules/canvas/lib/canvas.js:9:18)
      at Object.<anonymous> (node_modules/canvas/index.js:1:16)

FAIL src/containers/Token/test/components/HeaderBoxes.test.tsx
  ● Test suite failed to run

    The module '/Users/ashraychowdhry/Documents/XRepos/explorer/node_modules/canvas/build/Release/canvas.node'
    was compiled against a different Node.js version using
    NODE_MODULE_VERSION 127. This version of Node.js requires
    NODE_MODULE_VERSION 108. Please try re-compiling or re-installing
    the module (for instance, using `npm rebuild` or `npm install`).

      at Object.<anonymous> (node_modules/canvas/lib/bindings.js:3:18)
      at Object.<anonymous> (node_modules/canvas/lib/canvas.js:9:18)
      at Object.<anonymous> (node_modules/canvas/index.js:1:16)


Test Suites: 27 failed, 27 total
Tests:       0 total
Snapshots:   0 total
Time:        1.403 s, estimated 5 s
Ran all test suites matching /Token/i.


